// Jest Snapshot v1, https://goo.gl/fbAQLP

exports[`Pruebas en <TodoItem /> debe de mostrarse correctamente 1`] = `
<li
  className="list-group-item d-flex justify-content-between align-items-center"
  key="1"
>
  <p
    className="text-center m-0 pe-auto false"
    onClick={[Function]}
    role="button"
  >
    1
    . 
    Aprender React
  </p>
  <button
    className="btn btn-danger"
    onClick={[Function]}
  >
    Borrar
  </button>
</li>
`;
